Analyzing homepage_sections.dart, homepage_controller.dart, homepage_sections_test.dart...

  error - lib\features\books\presentation\homepage_controller.dart:1:8 - Target of URI doesn't exist: 'package:flutter_riverpod/flutter_riverpod.dart'. Try creating the file referenced by the URI, or try using a URI for a file that does exist. - uri_does_not_exist
  error - lib\features\books\presentation\homepage_controller.dart:115:34 - Classes can only extend other classes. Try specifying a different superclass, or removing the extends clause. - extends_non_class
  error - lib\features\books\presentation\homepage_controller.dart:123:14 - Too many positional arguments: 0 expected, but 1 found. Try removing the extra arguments. - extra_positional_arguments
  error - lib\features\books\presentation\homepage_controller.dart:133:9 - Undefined name 'state'. Try correcting the name to one that is defined, or defining the name. - undefined_identifier
  error - lib\features\books\presentation\homepage_controller.dart:134:5 - Undefined name 'state'. Try correcting the name to one that is defined, or defining the name. - undefined_identifier
  error - lib\features\books\presentation\homepage_controller.dart:134:13 - Undefined name 'state'. Try correcting the name to one that is defined, or defining the name. - undefined_identifier
  error - lib\features\books\presentation\homepage_controller.dart:174:5 - Undefined name 'state'. Try correcting the name to one that is defined, or defining the name. - undefined_identifier
  error - lib\features\books\presentation\homepage_controller.dart:174:13 - Undefined name 'state'. Try correcting the name to one that is defined, or defining the name. - undefined_identifier
  error - lib\features\books\presentation\homepage_controller.dart:206:5 - The function 'StateNotifierProvider' isn't defined. Try importing the library that defines 'StateNotifierProvider', correcting the name to the name of an existing function, or defining a function named 'StateNotifierProvider'. - undefined_function
  error - lib\features\books\presentation\homepage_sections.dart:3:8 - Target of URI doesn't exist: 'package:cached_network_image/cached_network_image.dart'. Try creating the file referenced by the URI, or try using a URI for a file that does exist. - uri_does_not_exist
  error - lib\features\books\presentation\homepage_sections.dart:5:8 - Target of URI doesn't exist: 'package:intl/intl.dart'. Try creating the file referenced by the URI, or try using a URI for a file that does exist. - uri_does_not_exist
  error - lib\features\books\presentation\homepage_sections.dart:443:9 - The method 'CachedNetworkImage' isn't defined for the type '_PromotionActivityCover'. Try correcting the name to the name of an existing method, or defining a method named 'CachedNetworkImage'. - undefined_method
  error - lib\features\books\presentation\homepage_sections.dart:617:29 - The method 'DateFormat' isn't defined for the type '_ReleaseCalendar'. Try correcting the name to the name of an existing method, or defining a method named 'DateFormat'. - undefined_method
  error - lib\features\books\presentation\homepage_sections.dart:632:37 - The method 'DateFormat' isn't defined for the type '_ReleaseCalendar'. Try correcting the name to the name of an existing method, or defining a method named 'DateFormat'. - undefined_method
  error - test\homepage_sections_test.dart:62:20 - The function 'hasLength' isn't defined. Try importing the library that defines 'hasLength', correcting the name to the name of an existing function, or defining a function named 'hasLength'. - undefined_function
  error - test\homepage_sections_test.dart:64:48 - Undefined name 'isFalse'. Try correcting the name to one that is defined, or defining the name. - undefined_identifier
  error - test\homepage_sections_test.dart:81:69 - Undefined name 'isTrue'. Try correcting the name to one that is defined, or defining the name. - undefined_identifier
  error - test\homepage_sections_test.dart:99:25 - The getter 'state' isn't defined for the type 'HomepageController'. Try importing the library that defines 'state', correcting the name to the name of an existing getter, or defining a getter or field named 'state'. - undefined_getter
  error - test\homepage_sections_test.dart:100:25 - The getter 'state' isn't defined for the type 'HomepageController'. Try importing the library that defines 'state', correcting the name to the name of an existing getter, or defining a getter or field named 'state'. - undefined_getter
  error - test\homepage_sections_test.dart:100:44 - The function 'hasLength' isn't defined. Try importing the library that defines 'hasLength', correcting the name to the name of an existing function, or defining a function named 'hasLength'. - undefined_function
  error - test\homepage_sections_test.dart:101:25 - The getter 'state' isn't defined for the type 'HomepageController'. Try importing the library that defines 'state', correcting the name to the name of an existing getter, or defining a getter or field named 'state'. - undefined_getter
  error - test\homepage_sections_test.dart:101:44 - The function 'hasLength' isn't defined. Try importing the library that defines 'hasLength', correcting the name to the name of an existing function, or defining a function named 'hasLength'. - undefined_function
  error - test\homepage_sections_test.dart:102:21 - The function 'containsAll' isn't defined. Try importing the library that defines 'containsAll', correcting the name to the name of an existing function, or defining a function named 'containsAll'. - undefined_function

23 issues found.
